
> mission-control@0.1.0 build
> next build

node.exe : ΓÜá Warning: Next.js inferred your workspace root, but it may 
not be correct.
At line:1 char:1
+ & "C:\Program Files\nodejs/node.exe" "C:\Program Files\nodejs/node_mo 
...
+ ~~~~~~~~~~~~~~~~~~~~~~~~~~~~~~~~~~~~~~~~~~~~~~~~~~~~~~~~~~~~~~~~~~~~~
    + CategoryInfo          : NotSpecified: (ΓÜá Warning: Ne...not be cor 
   rect.:String) [], RemoteException
    + FullyQualifiedErrorId : NativeCommandError
 
 We detected multiple lockfiles and selected the directory of 
C:\Users\Busin\.gemini\antigravity\scratch\package-lock.json as the root 
directory.
 To silence this warning, set `turbopack.root` in your Next.js config, or 
consider removing one of the lockfiles if it's not needed.
   See https://nextjs.org/docs/app/api-reference/config/next-config-js/tur
bopack#root-directory for more information.
 Detected additional lockfiles: 
   * C:\Users\Busin\.gemini\antigravity\scratch\mission-control\package-lo
ck.json

Γû▓ Next.js 16.1.6 (Turbopack)
- Environments: .env

  Creating an optimized production build ...

> Build error occurred
Error: Turbopack build failed with 1 errors:
./mission-control/src/app/api/social-accounts/route.ts:2:1
Module not found: Can't resolve '@/lib/prisma'
[0m [90m 1 |[39m [36mimport[39m { [33mNextRequest[39m[33m,[39m 
[33mNextResponse[39m } [36mfrom[39m [32m"next/server"[39m[33m;[39m
[31m[1m>[22m[39m[90m 2 |[39m [36mimport[39m { prisma } 
[36mfrom[39m [32m"@/lib/prisma"[39m[33m;[39m
 [90m   |[39m [31m[1m^[22m[39m[31m[1m^[22m[39m[31m[1m^[22m[3
9m[31m[1m^[22m[39m[31m[1m^[22m[39m[31m[1m^[22m[39m[31m[1m^[
22m[39m[31m[1m^[22m[39m[31m[1m^[22m[39m[31m[1m^[22m[39m[31m
[1m^[22m[39m[31m[1m^[22m[39m[31m[1m^[22m[39m[31m[1m^[22m[39m
[31m[1m^[22m[39m[31m[1m^[22m[39m[31m[1m^[22m[39m[31m[1m^[22
m[39m[31m[1m^[22m[39m[31m[1m^[22m[39m[31m[1m^[22m[39m[31m[1
m^[22m[39m[31m[1m^[22m[39m[31m[1m^[22m[39m[31m[1m^[22m[39m[
31m[1m^[22m[39m[31m[1m^[22m[39m[31m[1m^[22m[39m[31m[1m^[22m
[39m[31m[1m^[22m[39m[31m[1m^[22m[39m[31m[1m^[22m[39m[31m[1m^
[22m[39m[31m[1m^[22m[39m[31m[1m^[22m[39m[31m[1m^[22m[39m[31
m[1m^[22m[39m[31m[1m^[22m[39m
 [90m 3 |[39m
 [90m 4 |[39m [36mexport[39m [36masync[39m [36mfunction[39m 
[33mPOST[39m(req[33m:[39m [33mNextRequest[39m) {
 [90m 5 |[39m     [36mtry[39m {[0m

Import map: aliased to relative './src/lib/prisma' inside of 
[project]/mission-control


https://nextjs.org/docs/messages/module-not-found


    at <unknown> 
(./mission-control/src/app/api/social-accounts/route.ts:2:1)
    at <unknown> (https://nextjs.org/docs/messages/module-not-found)
